/Library/Developer/CommandLineTools/usr/bin/python3: can't open file 'run_period.py': [Errno 1] Operation not permitted
/Users/yehyun/Library/Python/3.9/lib/python/site-packages/urllib3/__init__.py:35: NotOpenSSLWarning: urllib3 v2 only supports OpenSSL 1.1.1+, currently the 'ssl' module is compiled with 'LibreSSL 2.8.3'. See: https://github.com/urllib3/urllib3/issues/3020
  warnings.warn(
warning: running 13:31:58.422612 after the 2026-08-30T00:00:00+00:00 boundary; posts after the boundary belong to the next period and are excluded
refreshed engagement for 500/500 matured post(s)
{
  "period": "2026-08-30T00:00:00+00:00",
  "posts": 54,
  "score": 0.0091,
  "uniform": 0.0086,
  "btc": 78179.86,
  "top_weights": [
    [
      "DonAlt",
      0.03805411899212334
    ],
    [
      "lBattleRhino",
      0.03485931254408457
    ],
    [
      "blknoiz06",
      0.03476567681928212
    ],
    [
      "CryptoCred",
      0.03471309878149371
    ],
    [
      "SalsaTekila",
      0.0346480300515532
    ]
  ]
}
